// Vitest Snapshot v1, https://vitest.dev/guide/snapshot.html

exports[`Footer component > should match snapshot 1`] = `
<DocumentFragment>
  <div
    class="_error_48ab16"
  >
    <span
      class="undefined _alert_48ab16"
    />
    <h2>
      404 Page Not Found
    </h2>
    <div
      class="_message_48ab16"
    >
      <p>
        The page you are looking for could not be found.
      </p>
      <p>
        You may surf over to our other pages.
      </p>
    </div>
    <a
      class="_link_48ab16"
      href="/"
    >
      Back to Home Page
    </a>
  </div>
</DocumentFragment>
`;
